Excellent! Task 3.8 is now marked as complete. Let me create a summary of what was implemented:

## Summary

I successfully implemented the `verification-section` command for the task parser CLI. Here's what was done:

### Implementation Details (task_parser.py:528-570)

The `cmd_verification_section()` function:
1. Reads the markdown file
2. Searches for a heading (h1-h3) that starts with "verif" (case-insensitive prefix match)
3. Extracts all content from after that heading until the next heading (any level h1-h6) or EOF
4. Prints the extracted content to stdout
5. Returns empty output if no verification section is found
6. Handles error cases (file not found, read errors)

### Key Features

- **Prefix matching**: Matches "Verification", "Verif", "Verification Criteria", etc.
- **Case-insensitive**: Matches "VERIFICATION", "Verification", "verification"
- **Heading levels**: Finds h1-h3 verification headings
- **Stops at any heading**: Stops extraction at any heading level (h1-h6), not just equal/higher levels
- **Preserves formatting**: Maintains blank lines, code blocks, lists, and all content as-is
- **First match only**: Uses the first verification section if multiple exist

### Test Results

All 19 verification-section tests pass:
- Basic functionality tests (h1, h2, h3)
- Case-insensitive matching
- Prefix matching
- Content extraction with code blocks, lists, blank lines
- Edge cases (EOF, empty content, missing section, multiple headings)
- Error handling (file not found)

The implementation follows TDD principles and satisfies all requirements specified in FR-5 of the PRD.

TASK_STATUS: COMPLETE — Implemented verification-section command with h1-h3 prefix matching, content extraction until next heading, all 19 tests passing
