I can see that:
- Task 1.1 is [x] complete
- Task 1.2 is [x] complete (just marked)
- Tasks 1.3, 1.4, 1.5, 1.6 are still [ ] incomplete

Therefore, NOT all sibling tasks are complete, so I should NOT mark the parent task 1.0 as complete. The parent is currently marked as [!] (failed), which I should leave as-is since not all subtasks are complete.

Let me create a summary of what was accomplished:

## Summary

I successfully completed subtask 1.2 by creating `task-helpers/task_parser.py` with:

1. **PEP 723 inline script metadata** - Added the `# /// script` block at the top with Python version requirement and empty dependencies list (ready for future additions)

2. **Complete argparse skeleton** - Implemented all 8 commands with proper argument parsing:
   - `next-task` - Get next incomplete leaf task
   - `count` - Count tasks by status
   - `mark-complete` - Mark task as complete with optional --line and --match hints
   - `mark-failed` - Mark task as failed with optional --line and --match hints
   - `is-complete` - Check if task is complete
   - `auto-complete-parents` - Auto-complete parent tasks
   - `verification-section` - Extract verification section
   - `validate` - Validate task file structure

3. **Stub implementations** - All commands return appropriate placeholder outputs:
   - `next-task`: Returns pipe-delimited stub data
   - `count`: Returns "0|0|0"
   - Mutation commands: No output (as per spec)
   - `is-complete`: Exits with code 1 (not complete)
   - `verification-section`: Returns placeholder text
   - `validate`: Exits 0 (valid)

4. **Verified functionality** - Tested that `uv run task-helpers/task_parser.py --help` works correctly and all stub commands execute without errors.

The file is ready for the next phase where tests will be written (task 1.3) and then the actual implementation will replace the stubs.

TASK_STATUS: COMPLETE — Created task_parser.py with PEP 723 metadata and argparse skeleton with 8 stub commands
