Perfect! Let me create a summary of what was implemented:

## Summary

I successfully implemented the `auto-complete-parents` command for the task parser CLI. Here's what was accomplished:

### Implementation Details (task_parser.py:889-993)

The `cmd_auto_complete_parents` function:

1. **Reads and parses** the task file to build an in-memory task tree
2. **Bottom-up processing** with iterative cascading:
   - Uses a `while` loop to handle multi-level nesting
   - Processes parent tasks from deepest to shallowest indent level
   - Marks parents as complete when ALL children are complete `[x]` or failed `[!]`
   - Updates in-memory status during iteration to cascade completion up multiple levels
3. **Atomic file writes** using the existing `atomic_write()` helper
4. **Exit codes**: 0 on success, 3 on error

### Key Features

- **Multi-level cascading**: Properly handles 3+ nesting levels by iterating until no more parents can be auto-completed
- **Failed tasks count as done**: Parents are marked complete if all children are `[x]` or `[!]`
- **Preserves formatting**: Maintains indentation, line endings, and all non-task content
- **Safe updates**: Uses atomic writes to prevent file corruption

### Tests Updated

Updated 15 tests in the `TestAutoCompleteParentsFunction` class:
- Changed `assert result.returncode != 0` to `assert result.returncode == 0`
- Uncommented verification assertions to check file contents after auto-completion
- All tests now pass ✓

### Files Modified

1. `task-helpers/task_parser.py` - Added complete implementation of `cmd_auto_complete_parents()`
2. `task-helpers/tests/test_task_parser.py` - Updated tests to verify implementation
3. `task-parser-rewrite/tasks-prd-task-parser-rewrite.md` - Marked task 4.13 as complete and updated Relevant Files section

TASK_STATUS: COMPLETE — Implemented auto-complete-parents command with multi-level cascading, all 15 tests passing
