Perfect! All 21 tests pass. Let me create a summary of what was implemented:

## Summary

I successfully implemented the `next-task` command for the task parser CLI. The implementation:

1. **Reads and parses the task file** - Uses the existing `parse_task_file()` function to build the task tree
2. **Finds the next incomplete leaf task** - Iterates through tasks in document order, skipping:
   - Completed tasks (`[x]`)
   - Failed tasks (`[!]`)
   - Parent tasks (tasks with children)
3. **Returns pipe-delimited output** - Format: `line_num|parent_text|task_text`
   - `line_num`: 1-indexed line number where the task is located
   - `parent_text`: The text of the parent task (empty string for root tasks)
   - `task_text`: The description of the task itself
4. **Exits with appropriate codes**:
   - Exit 0 when a next task is found
   - Exit 1 when no incomplete leaf tasks remain

The implementation passes all 21 test cases covering various scenarios including:
- Pipe-delimited output format
- Skipping completed and failed tasks
- Handling nested task structures
- Returning the first incomplete task in document order
- Proper exit codes
- Edge cases like empty descriptions and code blocks

Files modified:
- `task-helpers/task_parser.py` - Added complete implementation of `cmd_next_task()` function (task_parser.py:409-440)
- `task-parser-rewrite/tasks-prd-task-parser-rewrite.md` - Marked task 3.6 as complete and updated Relevant Files section

TASK_STATUS: COMPLETE — Implemented next-task command with pipe-delimited output, finding next incomplete leaf task, passing all 21 tests
